
> tabnews-clone@1.0.0 test
> node infra/scripts/run-tests-with-cleanup.js tests/api/integration/api/v1/registrations/post.test.js

(node:99464) [DEP0190] DeprecationWarning: Passing args to a child process with shell option true can lead to security vulnerabilities, as the arguments are not escaped, only concatenated.
(Use `node --trace-deprecation ...` to show where the warning was created)

> tabnews-clone@1.0.0 services:up
> docker compose -f infra/compose.yaml up -d

 Container postgres-dev  Starting
 Container mailcatcher-dev  Starting
 Container mailcatcher-dev  Started
 Container postgres-dev  Started
[next]   ▲ Next.js 14.2.5
[next]   - Local:        http://localhost:3000
[next]   - Environments: .env.development
[next] 
[next]  ✓ Starting...
[next]  ✓ Ready in 1359ms
[next]  ✓ Compiled /api/v1/status in 110ms (79 modules)
[next]  GET /api/v1/status 200 in 207ms
[next]  ✓ Compiled /api/v1/registrations in 131ms (85 modules)
[next]  POST /api/v1/registrations 400 in 139ms
[next] InternalServerError: Um erro interno não esperado aconteceu.
[next]     at onErrorHandler (webpack-internal:///(api)/./infra/controller.js:27:31)
[next]     at file:///Users/ferreira/Documents/Projetos%20Next/gerenciamento-hoteis/node_modules/next-connect/dist/esm/node.js:58:23
[next]     at process.processTicksAndRejections (node:internal/process/task_queues:103:5)
[next]     at async K (/Users/ferreira/Documents/Projetos Next/gerenciamento-hoteis/node_modules/next/dist/compiled/next-server/pages-api.runtime.dev.js:21:2871)
[next]     ... 7 lines matching cause stack trace ...
[next]     at async invokeRender (/Users/ferreira/Documents/Projetos Next/gerenciamento-hoteis/node_modules/next/dist/server/lib/router-server.js:174:21)
[next]     at async handleRequest (/Users/ferreira/Documents/Projetos Next/gerenciamento-hoteis/node_modules/next/dist/server/lib/router-server.js:353:24)
[next]     at async requestHandlerImpl (/Users/ferreira/Documents/Projetos Next/gerenciamento-hoteis/node_modules/next/dist/server/lib/router-server.js:377:13)
[next]     at async Server.requestListener (/Users/ferreira/Documents/Projetos Next/gerenciamento-hoteis/node_modules/next/dist/server/lib/start-server.js:141:13) {
[next]   action: 'Entre em contato com o suporte.',
[next]   statusCode: 500,
[next]   [cause]: ServiceError [InternalServerError]: Erro na conexão com o Banco ou na Query.
[next]       at Object.query (webpack-internal:///(api)/./infra/database.js:17:36)
[next]       at process.processTicksAndRejections (node:internal/process/task_queues:103:5)
[next]       at async runInsertQuery (webpack-internal:///(api)/./models/sale.js:23:25)
[next]       ... 10 lines matching cause stack trace ...
[next]       at async DevServer.handleRequest (/Users/ferreira/Documents/Projetos Next/gerenciamento-hoteis/node_modules/next/dist/server/dev/next-dev-server.js:336:24)
[next]       at async invokeRender (/Users/ferreira/Documents/Projetos Next/gerenciamento-hoteis/node_modules/next/dist/server/lib/router-server.js:174:21) {
[next]     action: 'Verifique se o serviço está disponível',
[next]     statusCode: 503,
[next]     [cause]: error: column "check_in_date" of relation "sales" does not exist
[next]         at /Users/ferreira/Documents/Projetos Next/gerenciamento-hoteis/node_modules/pg/lib/client.js:545:17
[next]         at process.processTicksAndRejections (node:internal/process/task_queues:103:5)
[next]         at async Object.query (webpack-internal:///(api)/./infra/database.js:14:24)
[next]         at async runInsertQuery (webpack-internal:///(api)/./models/sale.js:23:25)
[next]         at async Object.create (webpack-internal:///(api)/./models/sale.js:19:21)
[next]         at async Array.postHandler (webpack-internal:///(api)/./pages/api/v1/registrations/index.js:66:21)
[next]         at async file:///Users/ferreira/Documents/Projetos%20Next/gerenciamento-hoteis/node_modules/next-connect/dist/esm/node.js:54:21
[next]         at async K (/Users/ferreira/Documents/Projetos Next/gerenciamento-hoteis/node_modules/next/dist/compiled/next-server/pages-api.runtime.dev.js:21:2871)
[next]         at async U.render (/Users/ferreira/Documents/Projetos Next/gerenciamento-hoteis/node_modules/next/dist/compiled/next-server/pages-api.runtime.dev.js:21:3955)
[next]         at async DevServer.runApi (/Users/ferreira/Documents/Projetos Next/gerenciamento-hoteis/node_modules/next/dist/server/next-server.js:600:9)
[next]         at async NextNodeServer.handleCatchallRenderRequest (/Users/ferreira/Documents/Projetos Next/gerenciamento-hoteis/node_modules/next/dist/server/next-server.js:269:37)
[next]         at async DevServer.handleRequestImpl (/Users/ferreira/Documents/Projetos Next/gerenciamento-hoteis/node_modules/next/dist/server/base-server.js:816:17)
[next]         at async /Users/ferreira/Documents/Projetos Next/gerenciamento-hoteis/node_modules/next/dist/server/dev/next-dev-server.js:339:20
[next]         at async Span.traceAsyncFn (/Users/ferreira/Documents/Projetos Next/gerenciamento-hoteis/node_modules/next/dist/trace/trace.js:154:20)
[next]         at async DevServer.handleRequest (/Users/ferreira/Documents/Projetos Next/gerenciamento-hoteis/node_modules/next/dist/server/dev/next-dev-server.js:336:24) {
[next]       length: 131,
[next]       severity: 'ERROR',
[next]       code: '42703',
[next]       detail: undefined,
[next]       hint: undefined,
[next]       position: '68',
[next]       internalPosition: undefined,
[next]       internalQuery: undefined,
[next]       where: undefined,
[next]       schema: undefined,
[next]       table: undefined,
[next]       column: undefined,
[next]       dataType: undefined,
[next]       constraint: undefined,
[next]       file: 'parse_target.c',
[next]       line: '1052',
[next]       routine: 'checkInsertTargets'
[next]     }
[next]   }
[next] }
[next]  POST /api/v1/registrations 500 in 60ms
[jest]   console.log
[jest]     DEBUG: Response Body: {
[jest]       "name": "InternalServerError",
[jest]       "message": "Um erro interno não esperado aconteceu.",
[jest]       "action": "Entre em contato com o suporte.",
[jest]       "status_code": 500
[jest]     }
[jest] 
[jest]       at Object.log (tests/api/integration/api/v1/registrations/post.test.js:68:17)
[jest] 
[next]  POST /api/v1/registrations 404 in 24ms
[jest] FAIL tests/api/integration/api/v1/registrations/post.test.js
[jest]   POST /api/v1/registrations
[jest]     Anonymous User
[jest]       ✓ Should return error (145 ms)
[jest]     Authenticated User
[jest]       ✕ Should create guest and sale successfully (279 ms)
[jest]       ✓ Should fail if room does not exist (71 ms)
[jest] 
[jest]   ● POST /api/v1/registrations › Authenticated User › Should create guest and sale successfully
[jest] 
[jest]     expect(received).toBe(expected) // Object.is equality
[jest] 
[jest]     Expected: 201
[jest]     Received: 500
[jest] 
[jest]       70 |
[jest]       71 |       // 3. Verify Response
[jest]     > 72 |       expect(response.status).toBe(201)
[jest]          |                               ^
[jest]       73 |       expect(responseBody.saleId).toBeDefined()
[jest]       74 |       expect(responseBody.guestId).toBeDefined()
[jest]       75 |     })
[jest] 
[jest]       at Object.toBe (tests/api/integration/api/v1/registrations/post.test.js:72:31)
[jest] 
[jest] Test Suites: 1 failed, 1 total
[jest] Tests:       1 failed, 2 passed, 3 total
[jest] Snapshots:   0 total
[jest] Time:        2.196 s
[jest] Ran all test suites matching /tests\/api\/integration\/api\/v1\/registrations\/post.test.js/i.
[jest] jest --runInBand --verbose tests/api/integration/api/v1/registrations/post.test.js exited with code 1
--> Sending SIGTERM to other processes..
[next] [?25h
[next] next dev exited with code 0
Processo finalizado com código: 1

> tabnews-clone@1.0.0 services:stop
> docker compose -f infra/compose.yaml stop

 Container mailcatcher-dev  Stopping
 Container postgres-dev  Stopping
 Container mailcatcher-dev  Stopped
 Container postgres-dev  Stopped
